src/components/TraceViewer.tsx(136,37): error TS2322: Type 'unknown' is not assignable to type 'ReactNode'.
